== Indexação de estágio — 2026-05-14T19:12:25.415Z ==

[SKIP] id=11991 id=11991 → sem nome detectado
[SKIP] id=11992 id=11992 → sem nome detectado
[SKIP] id=11993 id=11993 → sem nome detectado
[SKIP] id=11994 id=11994 → sem nome detectado
[SKIP] id=11995 id=11995 → sem nome detectado
[SKIP] id=11996 id=11996 → sem nome detectado
[SKIP] id=11997 id=11997 → sem nome detectado
[SKIP] id=11998 id=11998 → sem nome detectado
[SKIP] id=11999 id=11999 → sem nome detectado
[SKIP] id=12000 id=12000 → sem nome detectado
[SKIP] id=12001 id=12001 → sem nome detectado
[SKIP] id=12002 id=12002 → sem nome detectado
[SKIP] id=16485 id=16485 → sem nome detectado
[SKIP] id=16486 id=16486 → sem nome detectado
[SKIP] id=16487 id=16487 → sem nome detectado
[SKIP] id=16488 id=16488 → sem nome detectado
[SKIP] id=16489 id=16489 → sem nome detectado
[SKIP] id=16490 id=16490 → sem nome detectado
[OK]   id=16708 Administração - EAD → SEM estágio
[OK]   id=16710 Administração Pública - EAD → TEM 2 disc, 80h — ESTÁGIO CURRICULAR SUPERVISIONADO EM ADMINISTRAÇÃO PÚBLICA I (40h) | ESTÁGIO CURRICULAR SUPERVISIONADO EM ADMINISTRAÇÃO PÚBLICA II (40h)
[OK]   id=16711 Agronomia - Semipresencial → TEM 2 disc, 160h — ESTÁGIO CURRICULAR SUPERVISIONADO EM AGRONOMIA I (80h) | ESTÁGIO CURRICULAR SUPERVISIONADO EM AGRONOMIA II (80h)
[OK]   id=16712 Análise De Dados De Alta Performance - EAD → SEM estágio
[OK]   id=16714 Análise E Desenvolvimento De Sistemas - EAD → SEM estágio
[OK]   id=16716 Arquitetura E Urbanismo - Semipresencial → TEM 1 disc, 120h — ESTÁGIO CURRICULAR SUPERVISIONADO EM ARQUITETURA E URBANISMO (120h)
[OK]   id=16717 Artes Visuais - Semipresencial → TEM 4 disc, 400h — ESTÁGIO CURRICULAR SUPERVISIONADO EM ARTE I (100h) | ESTÁGIO CURRICULAR SUPERVISIONADO EM ARTE II (100h) | ESTÁGIO CURRICULAR SUPERVISIONADO EM ARTE III (100h) | ESTÁGIO CURRICULAR SUPERVISIONADO EM ARTE IV (100h)
[OK]   id=16718 Banco De Dados - EAD → SEM estágio
[OK]   id=16719 Biomedicina - Semipresencial → TEM 2 disc, 640h — ESTÁGIO CURRICULAR SUPERVISIONADO EM BIOMEDICINA I (320h) | ESTÁGIO CURRICULAR SUPERVISIONADO EM BIOMEDICINA II (320h)
[OK]   id=16720 Cibersegurança - EAD → SEM estágio
[OK]   id=16721 Ciência Da Computação - EAD → SEM estágio
[OK]   id=16724 Ciência De Dados - EAD → SEM estágio
[OK]   id=16725 Ciência Política - EAD → SEM estágio
[OK]   id=16726 Ciências Biológicas - Semipresencial → TEM 2 disc, 360h — ESTÁGIO CURRICULAR SUPERVISIONADO PROFISSIONALIZANTE EM CIÊNCIAS BIOLÓGICAS I (180h) | ESTÁGIO CURRICULAR SUPERVISIONADO PROFISSIONALIZANTE EM CIÊNCIAS BIOLÓGICAS II (180h)
[OK]   id=16727 Ciências Biológicas - Semipresencial → TEM 4 disc, 400h — ESTÁGIO CURRICULAR SUPERVISIONADO EM CIÊNCIAS NOS ANOS Finais DO ENSINO FUNDAMENTAL I (100h) | ESTÁGIO CURRICULAR SUPERVISIONADO EM CIÊNCIAS NOS ANOS Finais DO ENSINO FUNDAMENTAL II (100h) | ESTÁGIO CURRICULAR SUPERVISIONADO EM BIOLOGIA NO ENSINO MÉDIO I (100h) | ESTÁGIO CURRICULAR SUPERVISIONADO EM BIOLOGIA NO ENSINO MÉDIO II (100h)
[OK]   id=16729 Ciências Contábeis - EAD → SEM estágio
[OK]   id=16732 Ciências Econômicas - EAD → SEM estágio
[OK]   id=16733 Ciências Sociais - Semipresencial → TEM 7 disc, 380h — ESTÁGIO CURRICULAR SUPERVISIONADO EM CIÊNCIAS SOCIAIS I (20h) | ESTÁGIO CURRICULAR SUPERVISIONADO EM CIÊNCIAS SOCIAIS II (30h) | ESTÁGIO CURRICULAR SUPERVISIONADO EM CIÊNCIAS SOCIAIS III (30h) | ESTÁGIO CURRICULAR SUPERVISIONADO EM CIÊNCIAS SOCIAIS IV (80h) | ESTÁGIO CURRICULAR SUPERVISIONADO EM CIÊNCIAS SOCIAIS V (80h) | ESTÁGIO CURRICULAR SUPERVISIONADO EM CIÊNCIAS SOCIAIS VI (70h) | ESTÁGIO CURRICULAR SUPERVISIONADO EM CIÊNCIAS SOCIAIS VII (70h)
[OK]   id=16734 Coaching E Mentoring - EAD → SEM estágio
[OK]   id=16735 Coding - EAD → SEM estágio
[OK]   id=16736 Comércio Exterior - EAD → SEM estágio
[OK]   id=16738 Computação Em Nuvem - EAD → SEM estágio
[OK]   id=16740 Criminologia - EAD → SEM estágio
[OK]   id=16741 Desenvolvimento Back-End - EAD → SEM estágio
[OK]   id=16742 Desenvolvimento Full Stack - EAD → SEM estágio
[OK]   id=16743 Desenvolvimento Mobile - EAD → SEM estágio
[OK]   id=16744 Design De Animação - EAD → SEM estágio
[OK]   id=16745 Design De Experiência - EAD → SEM estágio
[OK]   id=16746 Design De Interiores - EAD → SEM estágio
[OK]   id=16747 Design De Moda - EAD → SEM estágio
[OK]   id=16749 Design De Produto - EAD → SEM estágio
[OK]   id=16751 Design Gráfico - EAD → SEM estágio
[OK]   id=16753 Educação Especial - Semipresencial → TEM 4 disc, 400h — ESTÁGIO CURRICULAR SUPERVISIONADO EM EDUCAÇÃO ESPECIAL: ESPAÇOS FORMAIS I (100h) | ESTÁGIO CURRICULAR SUPERVISIONADO EM EDUCAÇÃO ESPECIAL: ESPAÇOS FORMAIS II (100h) | ESTÁGIO CURRICULAR SUPERVISIONADO EM EDUCAÇÃO ESPECIAL: ESPAÇOS NÃO-FORMAIS I (100h) | ESTÁGIO CURRICULAR SUPERVISIONADO EM EDUCAÇÃO ESPECIAL: ESPAÇOS NÃO-FORMAIS II (100h)
[OK]   id=16754 Educação Física - Semipresencial → TEM 4 disc, 1280h — ESTÁGIO CURRICULAR SUPERVISIONADO EM EDUCAÇÃO FÍSICA I (BACHAREL) (320h) | ESTÁGIO CURRICULAR SUPERVISIONADO EM EDUCAÇÃO FÍSICA II (BACHAREL) (320h) | ESTÁGIO CURRICULAR SUPERVISIONADO EM EDUCAÇÃO FÍSICA I (LICENCIATURA) (320h) | ESTÁGIO CURRICULAR SUPERVISIONADO EM EDUCAÇÃO FÍSICA II (LICENCIATURA) (320h)
[SKIP] id=16755 Educação Física - Semipresencial → sem link de grade
[OK]   id=16756 Empreendedorismo - EAD → SEM estágio
[OK]   id=16757 Engenharia Ambiental - Semipresencial → TEM 2 disc, 160h — ESTÁGIO CURRICULAR SUPERVISIONADO EM ENGENHARIA AMBIENTAL I (80h) | ESTÁGIO CURRICULAR SUPERVISIONADO EM ENGENHARIA AMBIENTAL II (80h)
[OK]   id=16758 Engenharia Civil - Semipresencial → TEM 1 disc, 160h — ESTÁGIO CURRICULAR SUPERVISIONADO EM ENGENHARIA CIVIL (160h)
[OK]   id=16759 Engenharia De Computação - Semipresencial → TEM 1 disc, 160h — ESTÁGIO CURRICULAR SUPERVISIONADO EM ENGENHARIA DE COMPUTAÇÃO (160h)
[OK]   id=16760 Engenharia De Produção - Semipresencial → TEM 2 disc, 160h — ESTÁGIO CURRICULAR SUPERVISIONADO EM ENGENHARIA DE PRODUÇÃO I (80h) | ESTÁGIO CURRICULAR SUPERVISIONADO EM ENGENHARIA DE PRODUÇÃO II (80h)
[OK]   id=16761 Engenharia De Software - EAD → SEM estágio
[OK]   id=16762 Engenharia Elétrica - Semipresencial → TEM 1 disc, 160h — ESTÁGIO CURRICULAR SUPERVISIONADO EM ENGENHARIA ELÉTRICA (160h)
[OK]   id=16763 Engenharia Mecânica - Semipresencial → TEM 1 disc, 160h — ESTÁGIO CURRICULAR SUPERVISIONADO EM ENGENHARIA MECÂNICA (160h)
[OK]   id=16764 Engenharia Mecatrônica - Semipresencial → TEM 1 disc, 160h — ESTÁGIO CURRICULAR SUPERVISIONADO EM ENGENHARIA MECATRÔNICA (160h)
[OK]   id=16765 Estética E Cosmética - Semipresencial → SEM estágio
[OK]   id=16766 Eventos - EAD → SEM estágio
[OK]   id=16767 Farmácia - Semipresencial → TEM 6 disc, 800h — ESTÁGIO CURRICULAR SUPERVISIONADO EM FARMÁCIA I (20h) | ESTÁGIO CURRICULAR SUPERVISIONADO EM FARMÁCIA II (20h) | ESTÁGIO CURRICULAR SUPERVISIONADO EM FARMÁCIA III (40h) | ESTÁGIO CURRICULAR SUPERVISIONADO EM FARMÁCIA IV (240h) | ESTÁGIO CURRICULAR SUPERVISIONADO EM FARMÁNCIA V (240h) | ESTÁGIO CURRICULAR SUPERVISIONADO EM FARMÁCIA VI (240h)
[OK]   id=16768 Filosofia - EAD → TEM 4 disc, 400h — ESTÁGIO CURRICULAR SUPERVISIONADO EM FILOSOFIA I (100h) | ESTÁGIO CURRICULAR SUPERVISIONADO EM FILOSOFIA II (100h) | ESTÁGIO CURRICULAR SUPERVISIONADO EM FILOSOFIA III (100h) | ESTÁGIO CURRICULAR SUPERVISIONADO EM FILOSOFIA IV (100h)
[OK]   id=16769 Filosofia - Semipresencial → TEM 4 disc, 400h — ESTÁGIO CURRICULAR SUPERVISIONADO EM FILOSOFIA I (100h) | ESTÁGIO CURRICULAR SUPERVISIONADO EM FILOSOFIA II (100h) | ESTÁGIO CURRICULAR SUPERVISIONADO EM FILOSOFIA III (100h) | ESTÁGIO CURRICULAR SUPERVISIONADO EM FILOSOFIA IV (100h)
[OK]   id=16770 Física - Semipresencial → SEM estágio
[OK]   id=16771 Física - Semipresencial → TEM 4 disc, 400h — ESTÁGIO CURRICULAR SUPERVISIONADO EM CIÊNCIAS NOS ANOS FINAIS DO ENSINO FUNDAMENTAL I (100h) | ESTÁGIO CURRICULAR SUPERVISIONADO EM CIÊNCIAS NOS ANOS FINAIS DO ENSINO FUNDAMENTAL II (100h) | ESTÁGIO CURRICULAR SUPERVISIONADO EM FÍSICA NO ENSINO MÉDIO I (100h) | ESTÁGIO CURRICULAR SUPERVISIONADO EM FÍSICA NO ENSINO MÉDIO II (100h)
[OK]   id=16772 Fisioterapia - Semipresencial → TEM 10 disc, 800h — ESTÁGIO CURRICULAR SUPERVISIONADO EM FISIOTERAPIA - ÁREA I (80h) | ESTÁGIO CURRICULAR SUPERVISIONADO EM FISIOTERAPIA - ÁREA II (80h) | ESTÁGIO CURRICULAR SUPERVISIONADO EM FISIOTERAPIA - ÁREA III (80h) | ESTÁGIO CURRICULAR SUPERVISIONADO EM FISIOTERAPIA - ÁREA IV (80h) | ESTÁGIO CURRICULAR SUPERVISIONADO EM FISIOTERAPIA - ÁREA V (80h) | ESTÁGIO CURRICULAR SUPERVISIONADO EM FISIOTERAPIA - ÁREA VI (80h) | ESTÁGIO CURRICULAR SUPERVISIONADO EM FISIOTERAPIA - ÁREA VII (80h) | ESTÁGIO CURRICULAR SUPERVISIONADO EM FISIOTERAPIA - ÁREA VIII (80h) | ESTÁGIO CURRICULAR SUPERVISIONADO EM FISIOTERAPIA - ÁREA IX (80h) | ESTÁGIO CURRICULAR SUPERVISIONADO EM FISIOTERAPIA - ÁREA X (80h)
[OK]   id=16773 Fonoaudiologia - Semipresencial → TEM 7 disc, 520h — ESTÁGIO PRÁTICO EM DIAGNÓSTICO DOS DISTÚRBIOS DA COMUNICAÇÃO I (40h) | ESTÁGIO PRÁTICO EM DISTÚRBIOS DA AUDIÇÃO I (40h) | ESTÁGIO PRÁTICO EM DISTÚRBIOS DA COMUNICAÇÃO II (120h) | ESTÁGIO PRÁTICO EM AUDIOLOGIA CLÍNICA I (120h) | ESTÁGIO PRÁTICO EM AUDIOLOGIA CLÍNICA II (120h) | ESTÁGIO PRÁTICO EM DIAGNÓSTICO DOS DISTÚRBIOS DA COMUNICAÇÃO II (40h) | ESTÁGIO PRÁTICO EM DISTÚRBIOS DA AUDIÇÃO II (40h)
[OK]   id=16774 Fotografia - EAD → SEM estágio
[OK]   id=16775 Gastronomia - EAD → SEM estágio
[OK]   id=16776 Geografia - EAD → SEM estágio
[OK]   id=16777 Geografia - Semipresencial → TEM 4 disc, 400h — ESTÁGIO CURRICULAR SUPERVISIONADO EM GEOGRAFIA NOS ANOS FINAIS DO ENSINO FUNDAMENTAL I (100h) | ESTÁGIO CURRICULAR SUPERVISIONADO EM GEOGRAFIA NOS ANOS FINAIS DO ENSINO FUNDAMENTAL II (100h) | ESTÁGIO CURRICULAR SUPERVISIONADO EM GEOGRAFIA NO ENSINO MÉDIO I (100h) | ESTÁGIO CURRICULAR SUPERVISIONADO EM GEOGRAFIA NO ENSINO MÉDIO II (100h)
[OK]   id=16778 Gerontologia - Semipresencial → TEM 2 disc, 668h — ESTÁGIO CURRICULAR SUPERVISIONADO EM GERONTOLOGIA I (334h) | ESTÁGIO CURRICULAR SUPERVISIONADO EM GERONTOLOGIA II (334h)
[OK]   id=16779 Gestão Ambiental - Semipresencial → SEM estágio
[OK]   id=16781 Gestão Comercial - EAD → SEM estágio
[OK]   id=16782 Gestão Da Produção Industrial - EAD → SEM estágio
[OK]   id=16783 Gestão Da Qualidade - EAD → SEM estágio
[OK]   id=16784 Gestão Da Saúde Pública - EAD → SEM estágio
[SKIP] id=16785 Gestão Da Tecnologia Da Informação - EAD → sem link de grade
[OK]   id=16786 Gestão Das Organizações Do Terceiro Setor - EAD → SEM estágio
[OK]   id=16787 Gestão De Cooperativas - EAD → SEM estágio
[SKIP] id=16788 Gestão De Negócios Imobiliários - EAD → sem link de grade
[OK]   id=16790 Gestão De Recursos Humanos - EAD → SEM estágio
[OK]   id=16792 Gestão De Segurança Privada - EAD → SEM estágio
[OK]   id=16793 Gestão De Turismo - EAD → SEM estágio
[OK]   id=16794 Gestão Desportiva E De Lazer - EAD → SEM estágio
[OK]   id=16795 Gestão Do Agronegócio - EAD → SEM estágio
[OK]   id=16796 Gestão Financeira - EAD → SEM estágio
[OK]   id=16797 Gestão Hospitalar - Semipresencial → SEM estágio
[OK]   id=16798 Gestão Pública - EAD → SEM estágio
[OK]   id=16799 História - EAD → TEM 1 disc, 100h — ESTÁGIO SUPERVISIONADO (100h)
[OK]   id=16800 História - Semipresencial → TEM 7 disc, 330h — ESTÁGIO CURRICULAR SUPERVISIONADO DE HISTÓRIA I (20h) | ESTÁGIO CURRICULAR SUPERVISIONADO EM HISTÓRIA II (30h) | ESTÁGIO CURRICULAR SUPERVISIONADO EM HISTÓRIA III (30h) | ESTÁGIO CURRICULAR SUPERVISONADO EM HISTÓRIA NOS ANOS FINAIS DO ENSINO FUNDAMENTAL I (30h) | ESTÁGIO CURRICULAR SUPERVISIONADO EM HISTÓRIA NOS ANOS FINAIS DO ENSINO FUNDAMENTAL II (80h) | ESTÁGIO CURRICULAR SUPERVISIONADO EM HISTÓRIA NO ENSINO MÉDIO I (70h) | ESTÁGIO CURRICULAR SUPERVISIONADO EM HISTÓRIA NO ENSINO MÉDIO II (70h)
[OK]   id=16801 Influenciador Digital - EAD → SEM estágio
[OK]   id=16802 Inteligência Artificial - EAD → SEM estágio
[OK]   id=16803 Interdisciplinar Em Humanidades - EAD → SEM estágio
[OK]   id=16804 Internet Das Coisas - EAD → SEM estágio
[OK]   id=16805 Jogos Digitais - EAD → SEM estágio
[OK]   id=16806 Jornalismo - EAD → TEM 2 disc, 200h — ESTÁGIO CURRICULAR SUPERVISIONADO EM JORNALISMO I (100h) | ESTÁGIO CURRICULAR SUPERVISIONADO EM JORNALISMO II (100h)
[OK]   id=16807 Letras - Libras - Semipresencial → TEM 4 disc, 400h — ESTÁGIO CURRICULAR SUPERVISIONADO EM LETRAS-LIBRAS NA EDUCAÇÃO INFANTIL (100h) | ESTÁGIO CURRICULAR SUPERVISIONADO EM LETRAS-LIBRAS NOS ANOS INICIAIS DO ENSINO FUNDAMENTAL (100h) | ESTÁGIO CURRICULAR SUPERVISIONADO EM LETRAS-LIBRAS NOS ANOS FINAIS DO ENSINO FUNDAMENTAL (100h) | ESTÁGIO CURRICULAR SUPERVISIONADO EM LETRAS-LIBRAS NO ENSINO MÉDIO (100h)
[OK]   id=16808 Letras - Português E Espanhol - Semipresencial → TEM 4 disc, 400h — ESTÁGIO CURRICULAR SUPERVISIONADO EM LÍNGUA PORTUGUESA - FUNDAMENTOS (100h) | ESTÁGIO CURRICULAR SUPERVISIONADO EM LÍNGUA PORTUGUESA - INOVAÇÃO (100h) | ESTÁGIO CURRICULAR SUPERVISIONADO EM LÍNGUA ESPANHOLA - FUNDAMENTOS (100h) | ESTÁGIO CURRICULAR SUPERVISIONADO EM LÍNGUA ESPANHOLA - INOVAÇÃO (100h)
[OK]   id=16809 Letras - Português E Inglês - Semipresencial → TEM 4 disc, 400h — ESTÁGIO CURRICULAR SUPERVISIONADO EM LÍNGUA PORTUGUESA: FUNDAMENTOS (100h) | ESTÁGIO CURRICULAR SUPERVISIONADO EM LÍNGUA PORTUGUESA - INOVAÇÃO (100h) | ESTÁGIO CURRICULAR SUPERVISIONADO EM LÍNGUA INGLESA: FUNDAMENTOS (100h) | ESTÁGIO CURRICULAR SUPERVISIONADO EM LÍNGUA INGLESA: INOVAÇÃO (100h)
[OK]   id=16810 Letras - Português E Japonês - Semipresencial → TEM 4 disc, 400h — ESTÁGIO CURRICULAR SUPERVISIONADO EM LÍNGUA PORTUGUESA: FUNDAMENTOS (100h) | ESTÁGIO CURRICULAR SUPERVISIONADO EM LÍNGUA PORTUGUESA - INOVAÇÃO (100h) | ESTÁGIO CURRICULAR SUPERVISIONADO EM LÍNGUA JAPONESA: FUNDAMENTOS (100h) | ESTÁGIO CURRICULAR SUPERVISIONADO EM LÍNGUA JAPONESA: INOVAÇÃO (100h)
[OK]   id=16812 Logística - EAD → SEM estágio
[OK]   id=16814 Marketing - EAD → SEM estágio
[OK]   id=16816 Marketing Digital - EAD → SEM estágio
[OK]   id=16817 Matemática - Semipresencial → SEM estágio
[OK]   id=16818 Matemática - Semipresencial → TEM 4 disc, 400h — ESTÁGIO CURRICULAR SUPERVISIONADO EM MATEMÁTICA NOS ANOS FINAIS DO ENSINO FUNDAMENTAL I (100h) | ESTÁGIO CURRICULAR SUPERVISIONADO EM MATEMÁTICA NOS ANOS FINAIS DO ENSINO FUNDAMENTAL II (100h) | ESTÁGIO CURRICULAR SUPERVISIONADO EM MATEMÁTICA NO ENSINO MÉDIO I (100h) | ESTÁGIO CURRICULAR SUPERVISIONADO EM MATEMÁTICA NO ENSINO MÉDIO II (100h)
[OK]   id=16819 Consiliação, Mediação E Arbitragem - EAD → SEM estágio
[OK]   id=16820 Naturologia - Semipresencial → TEM 1 disc, 260h — ESTÁGIO CURRICULAR SUPERVISIONADO EM NATUROLOGIA (260h)
[OK]   id=16821 Nutrição - Semipresencial → TEM 3 disc, 643h — ESTÁGIO CURRICULAR SUPERVISIONADO EM NUTRIÇÃO SOCIAL (214h) | ESTÁGIO CURRICULAR SUPERVISIONADO EM UNIDADES DE ALIMENTAÇÃO E NUTRIÇÃO (215h) | ESTÁGIO CURRICULAR SUPERVISIONADO EM NUTRIÇÃO CLÍNICA (214h)
[OK]   id=16822 Óptica E Optometria - Semipresencial → TEM 8 disc, 520h — ESTÁGIO CURRICULAR SUPERVISIONADO EM ÓPTICA (60h) | ESTÁGIO CURRICULAR SUPERVISIONADO EM OPTOMETRIA I (80h) | ESTÁGIO CURRICULAR SUPERVISIONADO EM AVALIAÇÃO PARA REABILITAÇÃO VISUAL (60h) | ESTÁGIO CURRICULAR SUPERVISIONADO EM OPTOMETRIA II (80h) | ESTÁGIO CURRICULAR SUPERVISIONADO EM REABILITAÇÃO VISUAL (80h) | ESTÁGIO CURRICULAR SUPERVISIONADO EM OPTOMETRIA III (80h) | ESTÁGIO CURRICULAR SUPERVISIONADO EM LENTES RÍGIDAS (40h) | ESTÁGIO CURRICULAR SUPERVISIONADO EM LENTES GELATINOSAS (40h)
[OK]   id=16823 Pedagogia - Semipresencial → TEM 3 disc, 400h — ESTÁGIO CURRICULAR SUPERVISIONADO EM EDUCAÇÃO INFANTIL (150h) | ESTÁGIO CURRICULAR SUPERVISIONADO NOS ANOS INICIAIS DO ENSINO FUNDAMENTAL (150h) | ESTÁGIO CURRICULAR SUPERVISIONADO EM GESTÃO EDUCACIONAL (100h)
[OK]   id=16824 Perícia Judicial E Extrajudicial - EAD → SEM estágio
[OK]   id=16825 Podologia - Semipresencial → SEM estágio
[OK]   id=16826 Processos Gerenciais - EAD → SEM estágio
[OK]   id=16827 Produção Audiovisual - EAD → SEM estágio
[OK]   id=16828 Produção Cultural - EAD → SEM estágio
[OK]   id=16829 Produção Midiática - EAD → SEM estágio
[OK]   id=16831 Estudos Teóricos Psicanalíticos e Sociais - EAD → SEM estágio
[OK]   id=16832 Psicopedagogia - Semipresencial → TEM 3 disc, 300h — ESTÁGIO CURRICULAR SUPERVISIONADO EM PSICOPEDAGOGIA CLÍNICA (100h) | ESTÁGIO CURRICULAR SUPERVISIONADO EM PSICOPEDAGOGIA INSTITUCIONAL (100h) | ESTÁGIO CURRICULAR SUPERVISIONADO EM PSICOPEDAGOGIA EMPRESARIAL (100h)
[OK]   id=16833 Publicidade E Propaganda - EAD → SEM estágio
[OK]   id=16834 Química - Semipresencial → TEM 1 disc, 150h — ESTÁGIO CURRICULAR SUPERVISIONADO EM QUÍMICA (BACHARELADO) (150h)
[OK]   id=16835 Química - Semipresencial → TEM 4 disc, 400h — ESTÁGIO CURRICULAR SUPERVISIONADO EM CIÊNCIAS NOS ANOS FINAIS DO ENSINO FUNDAM I (100h) | ESTÁGIO CURRICULAR SUPERVISIONADO EM CIÊNCIAS NOS ANOS FINAIS DO ENSINO FUNDAM II (100h) | ESTÁGIO CURRICULAR SUPERVISIONADO EM QUÍMICA NO ENSINO MÉDIO I (100h) | ESTÁGIO CURRICULAR SUPERVISIONADO EM QUÍMICA NO ENSINO MÉDIO II (100h)
[OK]   id=16836 Radiologia - Semipresencial → TEM 2 disc, 668h — ESTÁGIO CURRICULAR SUPERVISIONADO EM RADIOLOGIA I (334h) | ESTÁGIO CURRICULAR SUPERVISIONADO EM RADIOLOGIA II (334h)
[OK]   id=16837 Redes De Computadores - EAD → SEM estágio
[OK]   id=16839 Relações Internacionais - EAD → SEM estágio
[OK]   id=16840 Relações Públicas - EAD → TEM 2 disc, 200h — ESTÁGIO CURRICULAR SUPERVISIONADO EM RELAÇÕES PÚBLICAS I (100h) | ESTÁGIO CURRICULAR SUPERVISIONADO EM RELAÇÕES PÚBLICAS II (100h)
[OK]   id=16841 Secretariado - EAD → SEM estágio
[OK]   id=16842 Segurança Da Informação - EAD → SEM estágio
[OK]   id=16843 Segurança No Trabalho - EAD → SEM estágio
[OK]   id=16844 Segurança No Trânsito - EAD → SEM estágio
[OK]   id=16845 Segurança Pública - EAD → SEM estágio
[OK]   id=16846 Serviço Social - Semipresencial → TEM 3 disc, 450h — ESTÁGIO CURRICULAR SUPERVISIONADO EM SERVIÇO SOCIAL I (150h) | ESTÁGIO CURRICULAR SUPERVISIONADO EM SERVIÇO SOCIAL II (150h) | ESTÁGIO CURRICULAR SUPERVISIONADO EM SERVIÇO SOCIAL III (150h)
[OK]   id=16847 Serviços Jurídicos E Notariais - EAD → SEM estágio
[OK]   id=16848 Serviços Penais - EAD → SEM estágio
[OK]   id=16849 Sistemas De Informação - EAD → SEM estágio
[OK]   id=16850 Sistemas Para Internet - EAD → SEM estágio
[OK]   id=16851 Teologia - EAD → TEM 4 disc, 200h — ESTÁGIO CURRICULAR SUPERVISIONADO EM TEOLOGIA I (50h) | ESTÁGIO CURRICULAR SUPERVISIONADO EM TEOLOGIA II (50h) | ESTÁGIO CURRICULAR SUPERVISIONADO EM TEOLOGIA III (50h) | ESTÁGIO CURRICULAR SUPERVISIONADO EM TEOLOGIA IV (50h)
[OK]   id=16852 Terapia Ocupacional - Semipresencial → TEM 10 disc, 720h — ESTÁGIO CURRICULAR SUPERVISIONADO EM TERAPIA OCUPACIONAL ÁREA I (72h) | ESTÁGIO CURRICULAR SUPERVISIONADO EM TERAPIA OCUPACIONAL ÁREA II (72h) | ESTÁGIO CURRICULAR SUPERVISIONADO EM TERAPIA OCUPACIONAL ÁREA III (72h) | ESTÁGIO CURRICULAR SUPERVISIONADO EM TERAPIA OCUPACIONAL ÁREA IV (72h) | ESTÁGIO CURRICULAR SUPERVISIONADO EM TERAPIA OCUPACIONAL ÁREA V (72h) | ESTÁGIO CURRICULAR SUPERVISIONADO EM TERAPIA OCUPACIONAL ÁREA VI (72h) | ESTÁGIO CURRICULAR SUPERVISIONADO EM TERAPIA OCUPACIONAL ÁREA VII (72h) | ESTÁGIO CURRICULAR SUPERVISIONADO EM TERAPIA OCUPACIONAL ÁREA VIII (72h) | ESTÁGIO CURRICULAR SUPERVISIONADO EM TERAPIA OCUPACIONAL ÁREA IX (72h) | ESTÁGIO CURRICULAR SUPERVISIONADO EM TERAPIA OCUPACIONAL ÁREA X (72h)
[OK]   id=16853 Terapias Integrativas E Complementares - Semipresencial → SEM estágio
[OK]   id=16854 Zootecnia - Semipresencial → TEM 1 disc, 160h — ESTÁGIO CURRICULAR SUPERVISIONADO EM ZOOTECNIA (160h)
[SKIP] id=16856 id=16856 → sem nome detectado